// Jest Snapshot v1, https://goo.gl/fbAQLP

exports[`Endpoints renders with rest 1`] = `
<Fragment>
  <span />
  <EndPoint
    path={
      Object {
        "test1": "test1",
      }
    }
    selectedServer=""
    specType="rest"
  >
     
  </EndPoint>
  <span />
  <EndPoint
    path={
      Object {
        "test2": "test2",
      }
    }
    selectedServer=""
    specType="rest"
  >
     
  </EndPoint>
</Fragment>
`;
