// Jest Snapshot v1, https://goo.gl/fbAQLP

exports[`Wapiti renders with rest 1`] = `
<div
  className="body-container regular-font"
>
  <div
    style={
      Object {
        "margin": "16px",
        "textAlign": "center",
      }
    }
  >
    Loading ... 
  </div>
</div>
`;
